src/components/campaign/CampaignChat.tsx(81,3): error TS2448: Block-scoped variable 'handleManualNarration' used before its declaration.
src/components/campaign/CampaignChat.tsx(81,3): error TS2454: Variable 'handleManualNarration' is used before being assigned.
src/hooks/useCombatSessionManager.ts(97,17): error TS2448: Block-scoped variable 'generateSessionSummary' used before its declaration.
src/hooks/useCombatSessionManager.ts(97,17): error TS2454: Variable 'generateSessionSummary' is used before being assigned.
src/lib/offlineStorage.ts(120,18): error TS18048: 'transaction' is possibly 'undefined'.
src/lib/offlineStorage.ts(138,18): error TS18048: 'transaction' is possibly 'undefined'.
src/lib/offlineStorage.ts(155,18): error TS18048: 'transaction' is possibly 'undefined'.
src/lib/offlineStorage.ts(185,18): error TS18048: 'transaction' is possibly 'undefined'.
src/lib/offlineStorage.ts(201,18): error TS18048: 'transaction' is possibly 'undefined'.
src/lib/offlineStorage.ts(215,18): error TS18048: 'transaction' is possibly 'undefined'.
src/lib/offlineStorage.ts(230,18): error TS18048: 'transaction' is possibly 'undefined'.
src/lib/offlineStorage.ts(246,18): error TS18048: 'transaction' is possibly 'undefined'.
src/lib/offlineStorage.ts(276,19): error TS18048: 'transaction' is possibly 'undefined'.
src/lib/offlineStorage.ts(295,19): error TS18048: 'transaction' is possibly 'undefined'.
src/lib/vtt/vttMusicEngine.ts(411,5): error TS2322: Type 'number | undefined' is not assignable to type 'number'.
  Type 'undefined' is not assignable to type 'number'.
src/pages/dm-tools/VTTEnhanced.tsx(3495,49): error TS18048: 'u.cursor.x' is possibly 'undefined'.
src/pages/dm-tools/VTTEnhanced.tsx(3496,49): error TS18048: 'u.cursor.y' is possibly 'undefined'.
src/pages/player-tools/PlayerMapView.tsx(954,20): error TS18048: 'u.cursor.x' is possibly 'undefined'.
src/pages/player-tools/PlayerMapView.tsx(956,20): error TS18048: 'u.cursor.y' is possibly 'undefined'.
