src/components/vtt/PlayerVTTView.tsx(117,39): error TS2304: Cannot find name 'PlacedToken'.
src/components/vtt/PlayerVTTView.tsx(118,30): error TS7053: Element implicitly has an 'any' type because expression of type 'any' can't be used to index type '{ 0: boolean; 1: boolean; 2: boolean; 3: boolean; }'.
src/components/vtt/PlayerVTTView.tsx(142,29): error TS2448: Block-scoped variable 'visibleLayers' used before its declaration.
src/components/vtt/PlayerVTTView.tsx(142,29): error TS2454: Variable 'visibleLayers' is used before being assigned.
src/pages/dm-tools/VTTEnhanced.tsx(265,19): error TS2448: Block-scoped variable 'currentScene' used before its declaration.
src/pages/dm-tools/VTTEnhanced.tsx(265,19): error TS2454: Variable 'currentScene' is used before being assigned.
