src/components/ErrorBoundary.tsx(24,9): error TS2322: Type 'unknown' is not assignable to type 'ReactNode'.
src/lib/offlineSyncProcessors.ts(219,7): error TS2322: Type 'string | null' is not assignable to type 'string | undefined'.
  Type 'null' is not assignable to type 'string | undefined'.
